// Jest Snapshot v1, https://goo.gl/fbAQLP

exports[`renders editpage unchanged 1`] = `
<div>
  <div
    class="flex h-[85vh] flex-col items-center"
  >
    <div>
      Editing: 
      New Page
    </div>
    <textarea
      class="mt-5 h-1/3 w-[80vw] max-w-4xl rounded-md border-2 border-gray-700"
      placeholder="Input page content here..."
    />
    <div
      class="mt-5 flex h-8 w-3/4 flex-row justify-evenly"
    >
      <input
        class="w-1/2 rounded-md border-2 border-gray-700"
        placeholder="Page Name:"
      />
      <button
        class="w-20 cursor-pointer rounded-md border-2 border-green-700 text-green-700 enabled:hover:font-bold disabled:cursor-auto disabled:border-gray-400 disabled:text-gray-400"
        disabled=""
      >
        Create
      </button>
      <button
        class="w-24 cursor-pointer rounded-md border-2 border-red-700 text-red-700 hover:font-bold"
      >
        Discard
      </button>
    </div>
  </div>
</div>
`;

exports[`renders homepage unchanged 1`] = `
<div>
  <div
    class="m-5 flex flex-col items-center font-mono"
  >
    <div
      class="mb-5 flex justify-center"
      id="top-bar"
    >
      <h1
        class="w-fit cursor-pointer text-center text-2xl hover:font-bold"
      >
        Passfort.wiki
      </h1>
    </div>
    <div
      class="flex flex-col items-center justify-center"
    >
      <div
        class="mb-4"
      >
        Welcome to Passfort.wiki, please select from the below pages, or create your own!
      </div>
      <article
        class="prose m-10 w-full border-b-2 border-t-2 pb-4"
        id="content-list"
      >
        <ul
          class="flex flex-col"
        />
        <a
          class="ml-2 cursor-pointer rounded-md border-2 border-blue-700 p-2 text-blue-700 no-underline enabled:hover:font-bold disabled:cursor-auto disabled:border-gray-400 disabled:text-gray-400"
          href="/create"
        >
          Create new page
        </a>
      </article>
    </div>
  </div>
</div>
`;

exports[`renders page unchanged 1`] = `
<div>
  <div
    class="flex min-h-[85vh] max-w-4xl flex-col break-all rounded-2xl border-2 border-black"
  >
    <div
      class="m-5 flex flex-row items-center justify-between"
      id="revision-container"
    >
      <div
        class="w-90 m-1 h-fit rounded-md border-2 border-black p-2 text-center text-black hover:font-bold"
      >
        <span>
          History: 
        </span>
        <select
          class="cursor-pointer"
        />
      </div>
      <div
        class="flex flex-col justify-evenly"
      >
        <a
          class="m-1 w-28 cursor-pointer rounded-md border-2 border-blue-700 text-center text-blue-700 hover:font-bold"
          href="/create/"
        >
          Edit Page
        </a>
        <a
          class="w-30 m-1 cursor-pointer rounded-md border-2 border-blue-700 text-center text-blue-700 hover:font-bold"
          href="/"
        >
          Return Home
        </a>
      </div>
    </div>
    <div
      class="m-2 ml-5 mr-5 border-t-2 pt-3 text-center text-2xl font-extrabold underline"
    />
    <article
      class="prose m-5 mt-2 w-[80vw] break-keep border-b-2 border-t-2 p-4"
    />
  </div>
</div>
`;
